> Task :compileJava FAILED
.\gradlew.bat : 
위치 줄:1 문자:1
+ .\gradlew.bat compil
eJava > compile_errors
.txt 2>&1
+ ~~~~~~~~~~~~~~~~~~~~
~~~~~~~~~~~~~~~~~~~~~~
~~~~~~~~~
    + CategoryInfo    
          : NotSpeci  
  fied: (:String) [   
 ], RemoteExceptio    
n
    + FullyQualifiedE 
   rrorId : NativeCo  
  mmandError
 
FAILURE: Build failed 
with an exception.

* What went wrong:
Execution failed for t
ask ':compileJava'.
> java.io.IOException:
 Unable to delete dire
ctory 'C:\Users\USER\O
neDrive\Antigravity\AI
_Kiosk\Backend\build\c
lasses\java\main'
    Failed to delete s
ome children. This mig
ht happen because a pr
ocess has files open o
r has its working dire
ctory set in the targe
t directory.
    - C:\Users\USER\On
eDrive\Antigravity\AI_
Kiosk\Backend\build\cl
asses\java\main\com\fu
sioncrew\aikiosk\domai
n\menu\controller
    - C:\Users\USER\On
eDrive\Antigravity\AI_
Kiosk\Backend\build\cl
asses\java\main\com\fu
sioncrew\aikiosk\domai
n\menu\entity
    - C:\Users\USER\On
eDrive\Antigravity\AI_
Kiosk\Backend\build\cl
asses\java\main\com\fu
sioncrew\aikiosk\domai
n\menu
    - C:\Users\USER\On
eDrive\Antigravity\AI_
Kiosk\Backend\build\cl
asses\java\main\com\fu
sioncrew\aikiosk\domai
n\order\controller
    - C:\Users\USER\On
eDrive\Antigravity\AI_
Kiosk\Backend\build\cl
asses\java\main\com\fu
sioncrew\aikiosk\domai
n\order\dto
    - C:\Users\USER\On
eDrive\Antigravity\AI_
Kiosk\Backend\build\cl
asses\java\main\com\fu
sioncrew\aikiosk\domai
n\order\entity
    - C:\Users\USER\On
eDrive\Antigravity\AI_
Kiosk\Backend\build\cl
asses\java\main\com\fu
sioncrew\aikiosk\domai
n\order\init
    - C:\Users\USER\On
eDrive\Antigravity\AI_
Kiosk\Backend\build\cl
asses\java\main\com\fu
sioncrew\aikiosk\domai
n\order\repository
    - C:\Users\USER\On
eDrive\Antigravity\AI_
Kiosk\Backend\build\cl
asses\java\main\com\fu
sioncrew\aikiosk\domai
n\order\service
    - C:\Users\USER\On
eDrive\Antigravity\AI_
Kiosk\Backend\build\cl
asses\java\main\com\fu
sioncrew\aikiosk\domai
n\order
    - C:\Users\USER\On
eDrive\Antigravity\AI_
Kiosk\Backend\build\cl
asses\java\main\com\fu
sioncrew\aikiosk\domai
n
    - C:\Users\USER\On
eDrive\Antigravity\AI_
Kiosk\Backend\build\cl
asses\java\main\com\fu
sioncrew\aikiosk\globa
l\config
    - C:\Users\USER\On
eDrive\Antigravity\AI_
Kiosk\Backend\build\cl
asses\java\main\com\fu
sioncrew\aikiosk\globa
l\entity
    - C:\Users\USER\On
eDrive\Antigravity\AI_
Kiosk\Backend\build\cl
asses\java\main\com\fu
sioncrew\aikiosk\globa
l\exception
    - C:\Users\USER\On
eDrive\Antigravity\AI_
Kiosk\Backend\build\cl
asses\java\main\com\fu
sioncrew\aikiosk\globa
l\security
    - C:\Users\USER\On
eDrive\Antigravity\AI_
Kiosk\Backend\build\cl
asses\java\main\com\fu
sioncrew\aikiosk\globa
l
    - and more ...

* Try:
> Run with --stacktrac
e option to get the st
ack trace.
> Run with --info or -
-debug option to get m
ore log output.
> Run with --scan to g
et full insights.
> Get more help at htt
ps://help.gradle.org.

BUILD FAILED in 4s
1 actionable task: 1 executed
